Reusing configuration cache.
> Task :createMinecraftArtifacts UP-TO-DATE

> Task :compileJava FAILED
./gradlew : C:\Arquives\Youtube\Canais\Noozy\DEV\MissionOdissey\src\main\java\com\noozy\missionodyssey\client\planet\Sa
turnRingRenderer.java:5: error: cannot find symbol
At line:1 char:1
+ ./gradlew compileJava > build_errors.txt 2>&1
+ ~~~~~~~~~~~~~~~~~~~~~~~~~~~~~~~~~~~~~~~~~~~~~
    + CategoryInfo          : NotSpecified: (C:\Arquives\You...not find symbol:String) [], RemoteException
    + FullyQualifiedErrorId : NativeCommandError
 
import net.minecraft.world.level.block.BlockState;
                                      ^
  symbol:   class BlockState
  location: package net.minecraft.world.level.block
C:\Arquives\Youtube\Canais\Noozy\DEV\MissionOdissey\src\main\java\com\noozy\missionodyssey\client\MissionOdysseyClientE
vents.java:16: warning: [removal] bus() in EventBusSubscriber has been deprecated and marked for removal
@EventBusSubscriber(modid = MissionOdyssey.MODID, bus = EventBusSubscriber.Bus.MOD, value = Dist.CLIENT)
                                                  ^
C:\Arquives\Youtube\Canais\Noozy\DEV\MissionOdissey\src\main\java\com\noozy\missionodyssey\client\MissionOdysseyClientE
vents.java:16: warning: [removal] Bus in EventBusSubscriber has been deprecated and marked for removal
@EventBusSubscriber(modid = MissionOdyssey.MODID, bus = EventBusSubscriber.Bus.MOD, value = Dist.CLIENT)
                                                                          ^
C:\Arquives\Youtube\Canais\Noozy\DEV\MissionOdissey\src\main\java\com\noozy\missionodyssey\client\planet\SaturnRingRend
erer.java:185: error: cannot find symbol
        BlockState stone = Blocks.STONE.defaultBlockState();
        ^
  symbol:   class BlockState
  location: class SaturnRingRenderer
C:\Arquives\Youtube\Canais\Noozy\DEV\MissionOdissey\src\main\java\com\noozy\missionodyssey\client\planet\SaturnRingRend
erer.java:240: error: cannot find symbol
            brm.renderBlock(stone, BlockPos.ORIGIN, world, matrices, consumerToUse, false, mcRandom);
                                           ^
  symbol:   variable ORIGIN
  location: class BlockPos
C:\Arquives\Youtube\Canais\Noozy\DEV\MissionOdissey\src\main\java\com\noozy\missionodyssey\client\planet\SaturnRingRend
erer.java:245: error: ShadowVertexConsumer is not abstract and does not override abstract method setUv2(int,int) in 
VertexConsumer
    private static class ShadowVertexConsumer implements VertexConsumer {
                   ^
C:\Arquives\Youtube\Canais\Noozy\DEV\MissionOdissey\src\main\java\com\noozy\missionodyssey\client\planet\SaturnRingRend
erer.java:260: error: method does not override or implement a method from a supertype
        @Override public VertexConsumer setOverlay(int u, int v) { delegate.setOverlay(u, v); return this; }
        ^
C:\Arquives\Youtube\Canais\Noozy\DEV\MissionOdissey\src\main\java\com\noozy\missionodyssey\client\planet\SaturnRingRend
erer.java:260: error: method setOverlay in interface VertexConsumer cannot be applied to given types;
        @Override public VertexConsumer setOverlay(int u, int v) { delegate.setOverlay(u, v); return this; }
                                                                           ^
  required: int
  found:    int,int
  reason: actual and formal argument lists differ in length
C:\Arquives\Youtube\Canais\Noozy\DEV\MissionOdissey\src\main\java\com\noozy\missionodyssey\client\planet\SaturnRingRend
erer.java:261: error: method does not override or implement a method from a supertype
        @Override public VertexConsumer setLight(int u, int v) { delegate.setLight(u, v); return this; }
        ^
C:\Arquives\Youtube\Canais\Noozy\DEV\MissionOdissey\src\main\java\com\noozy\missionodyssey\client\planet\SaturnRingRend
erer.java:261: error: method setLight in interface VertexConsumer cannot be applied to given types;
        @Override public VertexConsumer setLight(int u, int v) { delegate.setLight(u, v); return this; }
                                                                         ^
  required: int
  found:    int,int
  reason: actual and formal argument lists differ in length
C:\Arquives\Youtube\Canais\Noozy\DEV\MissionOdissey\src\main\java\com\noozy\missionodyssey\MissionOdyssey.java:47: 
warning: [removal] bus() in EventBusSubscriber has been deprecated and marked for removal
    @EventBusSubscriber(modid = MODID, bus = EventBusSubscriber.Bus.MOD, value = Dist.CLIENT)
                                       ^
C:\Arquives\Youtube\Canais\Noozy\DEV\MissionOdissey\src\main\java\com\noozy\missionodyssey\MissionOdyssey.java:47: 
warning: [removal] Bus in EventBusSubscriber has been deprecated and marked for removal
    @EventBusSubscriber(modid = MODID, bus = EventBusSubscriber.Bus.MOD, value = Dist.CLIENT)
                                                               ^
Note: Some input files use or override a deprecated API.
Note: Recompile with -Xlint:deprecation for details.
8 errors
4 warnings

FAILURE: Build failed with an exception.

* What went wrong:
Execution failed for task ':compileJava'.
> Compilation failed; see the compiler error output for details.

* Try:
> Run with --info option to get more log output.
> Run with --scan to get full insights.

BUILD FAILED in 1s
2 actionable tasks: 1 executed, 1 up-to-date
Configuration cache entry reused.
